
===== connection attempt 1/3 =====
连接 OPC UA: opc.tcp://opcua.ideawit.com:4855/xuse_sim
OPC UA 已连接
写入握手场景 's06_robot_workflow' 的仿真先决条件...
  PASS Robot_Home: expected=True, actual=True
  PASS Robot_任务允许写入: expected=True, actual=True
  PASS Robot_任务写入完成: expected=False, actual=False
  PASS Robot_任务完成: expected=0, actual=0
  PASS S06准备信号: expected=True, actual=True
  PASS S06允许加工: expected=True, actual=True
  PASS S06加工完成: expected=False, actual=False
  PASS 传感器状态_上位机[3].NO[1]: expected=False, actual=False
  PASS 传感器状态_上位机[4].NO[12]: expected=True, actual=True
握手仿真器已启动；按 Ctrl+C 停止。
S05 为只读完成信号，已保持 S05加工完成=True、S05拍照结果=1。
{"action": "szlab_mixer_robot.submit_place_to_s06", "detail": {"sensor": "传感器状态_上位机[3].NO[1]", "task_number": 11}, "phase": "accepted", "time": "2026-07-30 22:37:25"}
{"action": "szlab_mixer_robot.submit_place_to_s06", "detail": {"occupied": true, "sensor": "传感器状态_上位机[3].NO[1]", "task_number": 11}, "phase": "completed", "time": "2026-07-30 22:37:27"}
{"action": "szlab_mixer_robot.submit_place_to_s06", "detail": {"observed_task_number": 11, "task_number": 11}, "phase": "reset", "time": "2026-07-30 22:37:32"}
{"action": "szlab_mixer_pump.run_solvent_addition", "detail": {"process": 1}, "phase": "accepted", "time": "2026-07-30 22:37:40"}
{"action": "szlab_mixer_pump.run_solvent_addition", "detail": {"process": 1}, "phase": "completed", "time": "2026-07-30 22:37:40"}
{"action": "szlab_mixer_pump.run_solvent_addition", "detail": {"observed_process": 0, "process": 1}, "phase": "reset", "time": "2026-07-30 22:37:45"}
{"action": "szlab_mixer_robot.submit_pick_from_s06", "detail": {"sensor": "传感器状态_上位机[3].NO[1]", "task_number": 12}, "phase": "accepted", "time": "2026-07-30 22:37:49"}
{"action": "szlab_mixer_robot.submit_pick_from_s06", "detail": {"occupied": false, "sensor": "传感器状态_上位机[3].NO[1]", "task_number": 12}, "phase": "completed", "time": "2026-07-30 22:37:52"}
{"action": "szlab_mixer_robot.submit_pick_from_s06", "detail": {"observed_task_number": 0, "task_number": 12}, "phase": "reset", "time": "2026-07-30 22:37:54"}
恢复仿真器负责的 PLC→PC 信号...
OPC UA 已断开
