
===== connection attempt 1/3 =====
连接 OPC UA: opc.tcp://opcua.ideawit.com:4855/xuse_sim
OPC UA 已连接
写入握手场景 's08_cap_workflow' 的仿真先决条件...
  PASS S08原点信号: expected=True, actual=True
  PASS S08允许加工: expected=True, actual=True
  PASS S08工艺完成: expected=0, actual=0
  PASS 工站状态[7]: expected=2, actual=2
  PASS S082_1数据缓存[0]: expected=0, actual=0
  PASS S082_1数据缓存[1]: expected=0, actual=0
  PASS S082_1数据缓存[2]: expected=0, actual=0
  PASS S082_1数据缓存[3]: expected=0, actual=0
  PASS S082_1数据缓存[4]: expected=0, actual=0
  PASS S082_1数据缓存[5]: expected=0, actual=0
  PASS S082_1数据缓存[6]: expected=0, actual=0
  PASS S082_1数据缓存[7]: expected=0, actual=0
  PASS S082_1数据缓存[8]: expected=0, actual=0
  PASS S082_1数据缓存[9]: expected=0, actual=0
  PASS S082_1数据缓存[10]: expected=0, actual=0
  PASS S082_1数据缓存[11]: expected=0, actual=0
  PASS S082_1数据缓存[12]: expected=0, actual=0
  PASS S082_1数据缓存[13]: expected=0, actual=0
  PASS S082_1数据缓存[14]: expected=0, actual=0
  PASS S082_1数据缓存[15]: expected=0, actual=0
  PASS S082_1数据缓存[16]: expected=0, actual=0
  PASS S082_1数据缓存[17]: expected=0, actual=0
  PASS S082_1数据缓存[18]: expected=0, actual=0
  PASS S082_1数据缓存[19]: expected=0, actual=0
  PASS S082_1数据缓存[20]: expected=0, actual=0
  PASS S082_1数据缓存[21]: expected=0, actual=0
  PASS S082_1数据缓存[22]: expected=0, actual=0
  PASS S082_1数据缓存[23]: expected=0, actual=0
  PASS S082_1数据缓存[24]: expected=0, actual=0
  PASS S082_1数据缓存[25]: expected=0, actual=0
  PASS S082_1数据缓存[26]: expected=0, actual=0
  PASS S082_1数据缓存[27]: expected=0, actual=0
  PASS S082_1数据缓存[28]: expected=0, actual=0
  PASS S082_1数据缓存[29]: expected=0, actual=0
握手仿真器已启动；按 Ctrl+C 停止。
S05 为只读完成信号，已保持 S05加工完成=True、S05拍照结果=1。
{"action": "szlab_s08_cap_station.process_cap_with_sample_parts", "detail": {"cap_storage_slot": 1, "process": 5, "process_label": "100 mL 液体瓶开盖"}, "phase": "accepted", "time": "2026-07-30 22:42:06"}
{"action": "szlab_s08_cap_station.process_cap_with_sample_parts", "detail": {"cap_storage_slot": 1, "process": 5, "process_label": "100 mL 液体瓶开盖"}, "phase": "completed", "time": "2026-07-30 22:42:08"}
{"action": "szlab_s08_cap_station.process_cap_with_sample_parts", "detail": {"cap_storage_slot": 1, "process": 5, "process_label": "100 mL 液体瓶开盖"}, "phase": "reset", "time": "2026-07-30 22:42:13"}
{"action": "szlab_s08_cap_station.process_cap_with_sample_parts", "detail": {"cap_storage_slot": 1, "process": 6, "process_label": "100 mL 液体瓶关盖"}, "phase": "accepted", "time": "2026-07-30 22:42:34"}
{"action": "szlab_s08_cap_station.process_cap_with_sample_parts", "detail": {"cap_storage_slot": 1, "process": 6, "process_label": "100 mL 液体瓶关盖"}, "phase": "completed", "time": "2026-07-30 22:42:35"}
{"action": "szlab_s08_cap_station.process_cap_with_sample_parts", "detail": {"cap_storage_slot": 1, "process": 6, "process_label": "100 mL 液体瓶关盖"}, "phase": "reset", "time": "2026-07-30 22:42:40"}
恢复仿真器负责的 PLC→PC 信号...
