
===== connection attempt 1/3 =====
连接 OPC UA: opc.tcp://opcua.ideawit.com:4855/xuse_sim
OPC UA 已连接
写入握手场景 's07_robot_workflow' 的仿真先决条件...
  PASS Robot_Home: expected=True, actual=True
  PASS Robot_任务允许写入: expected=True, actual=True
  PASS Robot_任务写入完成: expected=False, actual=False
  PASS Robot_任务完成: expected=0, actual=0
  PASS 传感器状态_上位机[3].NO[8]: expected=False, actual=False
  PASS 传感器状态_上位机[3].NO[14]: expected=False, actual=False
握手仿真器已启动；按 Ctrl+C 停止。
S05 为只读完成信号，已保持 S05加工完成=True、S05拍照结果=1。
{"action": "szlab_mixer_robot.submit_place_to_s071", "detail": {"position": 1, "sensor": "传感器状态_上位机[3].NO[8]", "task_number": 13}, "phase": "accepted", "time": "2026-07-30 22:38:17"}
{"action": "szlab_mixer_robot.submit_place_to_s071", "detail": {"occupied": true, "position": 1, "sensor": "传感器状态_上位机[3].NO[8]", "task_number": 13}, "phase": "completed", "time": "2026-07-30 22:38:19"}
{"action": "szlab_mixer_robot.submit_place_to_s071", "detail": {"observed_task_number": 13, "task_number": 13}, "phase": "reset", "time": "2026-07-30 22:38:24"}
{"action": "szlab_mixer_robot.submit_place_to_s072", "detail": {"position": 1, "sensor": "传感器状态_上位机[3].NO[14]", "task_number": 15}, "phase": "accepted", "time": "2026-07-30 22:38:29"}
{"action": "szlab_mixer_robot.submit_place_to_s072", "detail": {"occupied": true, "position": 1, "sensor": "传感器状态_上位机[3].NO[14]", "task_number": 15}, "phase": "completed", "time": "2026-07-30 22:38:30"}
{"action": "szlab_mixer_robot.submit_place_to_s072", "detail": {"observed_task_number": 0, "task_number": 15}, "phase": "reset", "time": "2026-07-30 22:38:37"}
{"action": "szlab_mixer_robot.submit_pick_from_s072", "detail": {"position": 1, "sensor": "传感器状态_上位机[3].NO[14]", "task_number": 16}, "phase": "accepted", "time": "2026-07-30 22:38:39"}
{"action": "szlab_mixer_robot.submit_pick_from_s072", "detail": {"occupied": false, "position": 1, "rearmed_sensor": "传感器状态_上位机[3].NO[8]", "sensor": "传感器状态_上位机[3].NO[14]", "task_number": 16}, "phase": "completed", "time": "2026-07-30 22:38:41"}
{"action": "szlab_mixer_robot.submit_pick_from_s072", "detail": {"observed_task_number": 16, "task_number": 16}, "phase": "reset", "time": "2026-07-30 22:38:46"}
恢复仿真器负责的 PLC→PC 信号...
OPC UA 已断开
