
===== connection attempt 1/3 =====
连接 OPC UA: opc.tcp://opcua.ideawit.com:4855/xuse_sim
OPC UA 已连接
写入握手场景 's04_robot_stirring_workflow' 的仿真先决条件...
  PASS Robot_Home: expected=True, actual=True
  PASS Robot_任务允许写入: expected=True, actual=True
  PASS Robot_任务写入完成: expected=False, actual=False
  PASS Robot_任务完成: expected=0, actual=0
  PASS 传感器状态_上位机[2].NO[10]: expected=False, actual=False
  PASS S041允许加工: expected=True, actual=True
  PASS S041加工完成: expected=False, actual=False
握手仿真器已启动；按 Ctrl+C 停止。
S05 为只读完成信号，已保持 S05加工完成=True、S05拍照结果=1。
{"action": "szlab_mixer_robot.submit_place_to_s04", "detail": {"position": 1, "sensor": "传感器状态_上位机[2].NO[10]", "task_number": 7}, "phase": "accepted", "time": "2026-07-30 22:36:17"}
{"action": "szlab_mixer_robot.submit_place_to_s04", "detail": {"occupied": true, "position": 1, "sensor": "传感器状态_上位机[2].NO[10]", "task_number": 7}, "phase": "completed", "time": "2026-07-30 22:36:21"}
{"action": "szlab_mixer_robot.submit_place_to_s04", "detail": {"observed_task_number": 0, "task_number": 7}, "phase": "reset", "time": "2026-07-30 22:36:26"}
{"action": "szlab_mixer_stirrer.run_stirring", "detail": {"position": 1, "process": 3}, "phase": "accepted", "time": "2026-07-30 22:36:34"}
{"action": "szlab_mixer_stirrer.run_stirring", "detail": {"position": 1, "process": 3}, "phase": "completed", "time": "2026-07-30 22:36:35"}
{"action": "szlab_mixer_stirrer.run_stirring", "detail": {"position": 1, "process": 3}, "phase": "reset", "time": "2026-07-30 22:36:46"}
{"action": "szlab_mixer_robot.submit_pick_from_s04", "detail": {"position": 1, "sensor": "传感器状态_上位机[2].NO[10]", "task_number": 8}, "phase": "accepted", "time": "2026-07-30 22:36:54"}
{"action": "szlab_mixer_robot.submit_pick_from_s04", "detail": {"occupied": false, "position": 1, "sensor": "传感器状态_上位机[2].NO[10]", "task_number": 8}, "phase": "completed", "time": "2026-07-30 22:36:59"}
{"action": "szlab_mixer_robot.submit_pick_from_s04", "detail": {"observed_task_number": 0, "task_number": 8}, "phase": "reset", "time": "2026-07-30 22:37:03"}
恢复仿真器负责的 PLC→PC 信号...
OPC UA 已断开
