
===== connection attempt 1/3 =====
连接 OPC UA: opc.tcp://opcua.ideawit.com:4855/xuse_sim
OPC UA 已连接
写入握手场景 'szlab_photoshotting_workflow' 的仿真先决条件...
OPC UA 已断开
Traceback (most recent call last):
  File "/home/changjunhan/Uni-Lab-Core/Uni-Lab-SZLab/scripts/szlab_workflow_handshake.py", line 1422, in <module>
    raise SystemExit(main())
                     ^^^^^^
  File "/home/changjunhan/Uni-Lab-Core/Uni-Lab-SZLab/scripts/szlab_workflow_handshake.py", line 1375, in main
    simulator.initialize()
  File "/home/changjunhan/Uni-Lab-Core/Uni-Lab-SZLab/scripts/szlab_workflow_handshake.py", line 802, in initialize
    self.adapter.write(name, value)
  File "/home/changjunhan/Uni-Lab-Core/Uni-Lab-SZLab/scripts/szlab_workflow_handshake.py", line 588, in write
    variant_type = node.get_data_type_as_variant_type()
                   ^^^^^^^^^^^^^^^^^^^^^^^^^^^^^^^^^^^^
  File "/home/changjunhan/.micromamba/envs/unilab/lib/python3.11/site-packages/opcua/common/node.py", line 101, in get_data_type_as_variant_type
    result = self.get_attribute(ua.AttributeIds.DataType)
             ^^^^^^^^^^^^^^^^^^^^^^^^^^^^^^^^^^^^^^^^^^^^
  File "/home/changjunhan/.micromamba/envs/unilab/lib/python3.11/site-packages/opcua/common/node.py", line 275, in get_attribute
    result = self.server.read(params)
             ^^^^^^^^^^^^^^^^^^^^^^^^
  File "/home/changjunhan/.micromamba/envs/unilab/lib/python3.11/site-packages/opcua/client/ua_client.py", line 347, in read
    data = self._uasocket.send_request(request)
           ^^^^^^^^^^^^^^^^^^^^^^^^^^^^^^^^^^^^
  File "/home/changjunhan/.micromamba/envs/unilab/lib/python3.11/site-packages/opcua/client/ua_client.py", line 83, in send_request
    data = future.result(self.timeout)
           ^^^^^^^^^^^^^^^^^^^^^^^^^^^
  File "/home/changjunhan/.micromamba/envs/unilab/lib/python3.11/concurrent/futures/_base.py", line 458, in result
    raise TimeoutError()
TimeoutError

===== connection attempt 2/3 =====
连接 OPC UA: opc.tcp://opcua.ideawit.com:4855/xuse_sim
OPC UA 已连接
写入握手场景 'szlab_photoshotting_workflow' 的仿真先决条件...
  PASS S05加工完成: expected=True, actual=True
  PASS S05拍照结果: expected=1, actual=1
握手仿真器已启动；按 Ctrl+C 停止。
S05 为只读完成信号，已保持 S05加工完成=True、S05拍照结果=1。
恢复仿真器负责的 PLC→PC 信号...
OPC UA 已断开
